// Jest Snapshot v1, https://goo.gl/fbAQLP

exports[`baidu render correctly 1`] = `
<a
  href="https://www.baidu.com"
>
  百度一下
</a>
`;
